<html>
<body>
<pre>
<h1>µVision Build Log</h1>
<h2>Tool Versions:</h2>
IDE-Version: µVision V5.15
Copyright (C) 2015 ARM Ltd and ARM Germany GmbH. All rights reserved.
License Information: B A, Home, LIC=P6FX7-E3XVY-ZD3K6-DKBI7-1RV7K-3DXBA
 
Tool Versions:
Toolchain:       MDK-ARM Professional  Version: 5.15.0
Toolchain Path:  C:\Keil_v5\ARM\ARMCC\Bin
C Compiler:      Armcc.exe V5.05 update 2 (build 169)
Assembler:       Armasm.exe V5.05 update 2 (build 169)
Linker/Locator:  ArmLink.exe V5.05 update 2 (build 169)
Library Manager: ArmAr.exe V5.05 update 2 (build 169)
Hex Converter:   FromElf.exe V5.05 update 2 (build 169)
CPU DLL:         SARMCM3.DLL V5.15.0
Dialog DLL:      DCM.DLL V1.13.2.0
Target DLL:      UL2CM3.DLL V1.155.8.0
Dialog DLL:      TCM.DLL V1.14.5.0
 
<h2>Project:</h2>
D:\ARMprj\tmp\Blinky\Blinky.uvprojx
Project File Date:  12/05/2015

<h2>Output:</h2>
*** Using Compiler 'V5.05 update 2 (build 169)', folder: 'C:\Keil_v5\ARM\ARMCC\Bin'
Build target 'LPC1857 Flash'
compiling Blinky.c...
compiling LED_MCB1800.c...
compiling RTX_Conf_CM.c...
compiling GPIO_LPC18xx.c...
compiling SCU_LPC18xx.c...
assembling startup_LPC18xx.s...
compiling system_LPC18xx.c...
linking...
Program Size: Code=9964 RO-data=1068 RW-data=104 ZI-data=4752  
After Build - User command #1: C:\Keil_v5\\ARM\BIN\ElfDwT.exe .\Flash\Blinky.axf BASEADDRESS(0x1A000000)
ELFDWT - Signature Creator V1.1.0.0
COPYRIGHT Keil - An ARM Company, Copyright (C) 2014
*** Updated Signature over Range[32] (0x1A000000 - 0x1A000018): @0x1A00001C = 0x53FFAE9E
*** Processing completed, no Errors.
".\Flash\Blinky.axf" - 0 Error(s), 0 Warning(s).

<h2>Software Packages used:</h2>

Package Vendor: ARM
                http://www.keil.com/pack/ARM.CMSIS.4.5.0.pack
                ::CMSIS:RTOS:1.0 (API)
                CMSIS (Cortex Microcontroller Software Interface Standard)
   * Component: RTOS Version: 1.0
   * Component: CORE Version: 4.3.0
   * Component: Keil RTX Version: 4.80.0

Package Vendor: Keil
                http://www.keil.com/pack/Keil.LPC1800_DFP.2.5.0.pack
                Keil::Device:Startup:1.0.0
                NXP LPC1800 Series Device Support, Drivers and Examples
   * Component: Startup Version: 1.0.0
   * Component: SCU Version: 1.1
   * Component: GPIO Version: 1.0
   * Component: LED Version: 1.0.0

Package Vendor: Keil
                http://www.keil.com/pack/Keil.MDK-Middleware.6.4.0.pack
                ::Board Support:LED:1.00 (API)
                Keil MDK-ARM Professional Middleware for ARM Cortex-M based devices
   * Component: LED Version: 1.00

<h2>Collection of Component include folders:</h2>
  D:\ARMprj\tmp\Blinky\RTE
  D:\ARMprj\tmp\Blinky\RTE\Device\LPC1857
  C:\Keil_v5\ARM\PACK\ARM\CMSIS\4.5.0\CMSIS\Include
  C:\Keil_v5\ARM\PACK\ARM\CMSIS\4.5.0\CMSIS\RTOS\RTX\INC
  C:\Keil_v5\ARM\PACK\Keil\LPC1800_DFP\2.5.0\Device\Include
  C:\Keil_v5\ARM\PACK\Keil\LPC1800_DFP\2.5.0\RTE_Driver
  C:\Keil_v5\ARM\PACK\Keil\MDK-Middleware\6.4.0\Board

<h2>Collection of Component Files used:</h2>

   * Component: ::CMSIS:RTOS:1.0 (API)

   * Component: ARM::CMSIS:CORE:4.3.0

   * Component: ARM::CMSIS:RTOS:Keil RTX:4.80.0
      Include file:  CMSIS\RTOS\RTX\INC\cmsis_os.h
      Source file:   CMSIS\RTOS\RTX\Templates\RTX_Conf_CM.c
      Include file:  CMSIS\RTOS\RTX\UserCodeTemplates\osObjects.h
      Source file:   CMSIS\RTOS\RTX\UserCodeTemplates\main.c
      Source file:   CMSIS\RTOS\RTX\UserCodeTemplates\MailQueue.c
      Source file:   CMSIS\RTOS\RTX\UserCodeTemplates\MemPool.c
      Source file:   CMSIS\RTOS\RTX\UserCodeTemplates\MsgQueue.c
      Source file:   CMSIS\RTOS\RTX\UserCodeTemplates\Mutex.c
      Source file:   CMSIS\RTOS\RTX\UserCodeTemplates\Semaphore.c
      Source file:   CMSIS\RTOS\RTX\UserCodeTemplates\Thread.c
      Source file:   CMSIS\RTOS\RTX\UserCodeTemplates\Timer.c
      Source file:   CMSIS\RTOS\RTX\SRC\ARM\SVC_Table.s
      Library file:  CMSIS\RTOS\RTX\LIB\ARM\RTX_CM3.lib

   * Component: Keil::Device:Startup:1.0.0
      Source file:   Device\Source\ARM\startup_LPC18xx.s
      Source file:   Device\Source\system_LPC18xx.c
      Include file:  RTE_Driver\Config\RTE_Device.h

   * Component: Keil::Device:SCU:1.1
      Include file:  RTE_Driver\SCU_LPC18xx.h
      Source file:   RTE_Driver\SCU_LPC18xx.c

   * Component: Keil::Device:GPIO:1.0
      Include file:  RTE_Driver\GPIO_LPC18xx.h
      Source file:   RTE_Driver\GPIO_LPC18xx.c

   * Component: Keil.MCB1800::Board Support:LED:1.0.0
      Source file:   Boards\Keil\MCB1800\Common\LED_MCB1800.c

   * Component: ::Board Support:LED:1.00 (API)
      Include file:  Board\Board_LED.h
</pre>
</body>
</html>
